---
source: src/operand/mod.rs
assertion_line: 81
expression: operand!(16 => SP)

---
16(SP)
