---
source: src/operand/mod.rs
assertion_line: 81
expression: operand!(AX)

---
AX
