---
source: src/register_with_offset/mod.rs
assertion_line: 70
expression: register_with_offset!(16 => SP)

---
16(SP)
