---
source: src/lib.rs
assertion_line: 277
expression: "SUBQ!(16 => AX, 16 => SP)"

---
SUBQ	16(AX), 16(SP)
