---
source: src/macros.rs
assertion_line: 229
expression: "directive!(PCDATA 1, 2)"

---
PCDATA $1, $2
