---
source: src/lib.rs
assertion_line: 267
expression: "ADDQ!(1, 16 => AX)"

---
ADDQ	$1, 16(AX)
