---
source: src/lib.rs
assertion_line: 245
expression: directive!(JMP @ body)

---
JMP	body
