---
source: src/macros.rs
assertion_line: 207
expression: JMP!(TEST_JMP_TARGET_VAR)

---
JMP	AAAAA
