---
source: src/lib.rs
assertion_line: 250
expression: CALL!(main.run)

---
CALL    mainÂ·run(SB)
