---
source: src/macros.rs
assertion_line: 204
expression: CALL!(main.run)

---
CALL    mainÂ·run(SB)
