---
source: src/macros.rs
assertion_line: 214
expression: "JLS!(\"epi\")"

---
JLS	epi
