---
source: src/lib.rs
assertion_line: 267
expression: "ADDQ!(16 => AX, 1)"

---
ADDQ	16(AX), $1
