---
source: src/lib.rs
assertion_line: 253
expression: JMP!(@ body)

---
JMP	body
