---
source: src/lib.rs
assertion_line: 253
expression: JMP!(33)

---
JMP	33
