---
source: src/lib.rs
assertion_line: 260
expression: "JLS!(\"epi\")"

---
JLS	epi
