---
source: src/lib.rs
assertion_line: 277
expression: "SUBQ!(AX, 1)"

---
SUBQ	AX, $1
