---
source: src/macros.rs
assertion_line: 231
expression: "SUBQ!(16 => AX, 1)"

---
SUBQ	16(AX), $1
