---
source: src/macros.rs
assertion_line: 221
expression: "ADDQ!(16 => AX, 16 => SP)"

---
ADDQ	16(AX), 16(SP)
