---
source: src/macros.rs
assertion_line: 207
expression: JMP!(@ body)

---
JMP	body
