---
source: src/lib.rs
assertion_line: 249
expression: directive!(NOP)

---
NOP
