---
source: src/lib.rs
assertion_line: 274
expression: "PCDATA!(1, 2)"

---
PCDATA $1, $2
