---
source: src/lib.rs
assertion_line: 275
expression: "directive!(PCDATA 1, 2)"

---
PCDATA $1, $2
