---
source: src/macros.rs
assertion_line: 214
expression: JLS!(@ body)

---
JLS	body
