---
source: src/macros.rs
assertion_line: 201
expression: directive!(CALL main.run)

---
CALL    mainÂ·run(SB)
