---
source: src/macros.rs
assertion_line: 221
expression: "ADDQ!(1, 16 => AX)"

---
ADDQ	$1, 16(AX)
