---
source: src/lib.rs
assertion_line: 247
expression: directive!(CALL main.run)

---
CALL    mainÂ·run(SB)
