---
source: src/lib.rs
assertion_line: 260
expression: JLS!(TEST_JMP_TARGET_VAR)

---
JLS	AAAAA
