---
source: src/lib.rs
assertion_line: 267
expression: "ADDQ!(16 => AX, 16 => SP)"

---
ADDQ	16(AX), 16(SP)
