---
source: src/lib.rs
assertion_line: 260
expression: JLS!(33)

---
JLS	33
