---
source: src/macros.rs
assertion_line: 221
expression: "ADDQ!(16 => AX, 1)"

---
ADDQ	16(AX), $1
