---
source: src/macros.rs
assertion_line: 231
expression: "SUBQ!(AX, 1)"

---
SUBQ	AX, $1
